fixed_k4 s0 step    0 loss 2.3391 bacc 0.078 lr 3.33e-05
fixed_k4 s0 step  200 loss 1.1787 bacc 0.609 lr 2.79e-03
fixed_k4 s0 step  400 loss 1.0730 bacc 0.547 lr 1.62e-03
fixed_k4 s0 step  600 loss 0.8955 bacc 0.734 lr 4.75e-04
fixed_k4 s0 step  699 loss 0.8739 bacc 0.672 lr 3.00e-04
fixed_k4 s1 step    0 loss 2.4898 bacc 0.141 lr 3.33e-05
fixed_k4 s1 step  200 loss 1.0695 bacc 0.609 lr 2.79e-03
fixed_k4 s1 step  400 loss 1.0473 bacc 0.625 lr 1.62e-03
fixed_k4 s1 step  600 loss 1.0702 bacc 0.688 lr 4.75e-04
fixed_k4 s1 step  699 loss 0.9781 bacc 0.688 lr 3.00e-04
stoch_k1to4 s0 step    0 loss 2.3160 bacc 0.062 lr 3.33e-05
stoch_k1to4 s0 step  200 loss 1.2701 bacc 0.531 lr 2.79e-03
stoch_k1to4 s0 step  400 loss 1.2549 bacc 0.453 lr 1.62e-03
stoch_k1to4 s0 step  600 loss 1.2133 bacc 0.500 lr 4.75e-04
stoch_k1to4 s0 step  699 loss 1.2014 bacc 0.609 lr 3.00e-04
stoch_k1to4 s1 step    0 loss 2.4898 bacc 0.141 lr 3.33e-05
stoch_k1to4 s1 step  200 loss 1.1923 bacc 0.609 lr 2.79e-03
stoch_k1to4 s1 step  400 loss 1.2262 bacc 0.500 lr 1.62e-03
stoch_k1to4 s1 step  600 loss 1.3316 bacc 0.547 lr 4.75e-04
stoch_k1to4 s1 step  699 loss 1.4193 bacc 0.484 lr 3.00e-04
deepsup_k4 s0 step    0 loss 2.3274 bacc 0.078 lr 3.33e-05
deepsup_k4 s0 step  200 loss 1.1445 bacc 0.562 lr 2.79e-03
deepsup_k4 s0 step  400 loss 1.0707 bacc 0.562 lr 1.62e-03
deepsup_k4 s0 step  600 loss 0.9863 bacc 0.578 lr 4.75e-04
deepsup_k4 s0 step  699 loss 0.9591 bacc 0.625 lr 3.00e-04
deepsup_k4 s1 step    0 loss 2.4811 bacc 0.141 lr 3.33e-05
deepsup_k4 s1 step  200 loss 1.1722 bacc 0.531 lr 2.79e-03
deepsup_k4 s1 step  400 loss 1.0199 bacc 0.719 lr 1.62e-03
deepsup_k4 s1 step  600 loss 1.1791 bacc 0.609 lr 4.75e-04
deepsup_k4 s1 step  699 loss 1.0859 bacc 0.609 lr 3.00e-04
