== main ladder (T=12) ==
  ctm_sync   L=16 T=12 s0 p=50720 steps=900  52.1s  full=0.496 (best-tick 0.517) allpos=0.783
  ctm_sync   L=16 T=12 s1 p=50720 steps=900  50.1s  full=0.480 (best-tick 0.498) allpos=0.773
  ctm_lastz  L=16 T=12 s0 p=50624 steps=900  41.2s  full=0.503 (best-tick 0.505) allpos=0.749
  ctm_lastz  L=16 T=12 s1 p=50624 steps=900  39.9s  full=0.496 (best-tick 0.502) allpos=0.750
  gru_lastz  L=16 T=12 s0 p=50492 steps=900  26.7s  full=0.484 (best-tick 0.505) allpos=0.736
  gru_lastz  L=16 T=12 s1 p=50492 steps=900  19.3s  full=0.495 (best-tick 0.515) allpos=0.752
  gru_sync   L=16 T=12 s0 p=50608 steps=900  31.3s  full=0.507 (best-tick 0.513) allpos=0.783
  gru_sync   L=16 T=12 s1 p=50608 steps=900  32.8s  full=0.482 (best-tick 0.504) allpos=0.782
  ctm_sync   L=32 T=12 s0 p=56896 steps=900  59.6s  full=0.516 (best-tick 0.520) allpos=0.626
  ctm_sync   L=32 T=12 s1 p=56896 steps=900  54.3s  full=0.482 (best-tick 0.492) allpos=0.609
  ctm_lastz  L=32 T=12 s0 p=56800 steps=900  43.0s  full=0.525 (best-tick 0.531) allpos=0.626
  ctm_lastz  L=32 T=12 s1 p=56800 steps=900  41.3s  full=0.494 (best-tick 0.506) allpos=0.617
  gru_lastz  L=32 T=12 s0 p=56400 steps=900  18.8s  full=0.528 (best-tick 0.552) allpos=0.629
  gru_lastz  L=32 T=12 s1 p=56400 steps=900  18.9s  full=0.499 (best-tick 0.502) allpos=0.629
  gru_sync   L=32 T=12 s0 p=56512 steps=900  29.9s  full=0.518 (best-tick 0.536) allpos=0.635
  gru_sync   L=32 T=12 s1 p=56512 steps=900  30.2s  full=0.519 (best-tick 0.519) allpos=0.638
== depth control (T=2) ==
  ctm_sync   L=16 T= 2 s0 p=50720 steps=900  11.2s  full=0.512 (best-tick 0.512) allpos=0.784
  ctm_lastz  L=16 T= 2 s0 p=50624 steps=900   8.9s  full=0.480 (best-tick 0.485) allpos=0.771
{
  "id": "2026-07-25_ctm-parity-sync",
  "duration_sec": 615.36,
  "status": "done"
}
headline: allpos acc @L=32: ctm_sync=0.617, ctm_lastz=0.621, gru_lastz=0.629, gru_sync=0.636 | full 32-bit parity: ctm_sync=0.499, ctm_lastz=0.510, gru_lastz=0.514, gru_sync=0.518 | sync effect inside CTM (allpos) = -0.004
