data: train 1078  val 269  test 450
params (identical for SNN and MLP): 85002

== stage 1: lr sweep (val split, seed 0, reduced budget) ==
  rate      T= 2  {'0.001': 0.8959, '0.003': 0.9071, '0.01': 0.8476}  -> lr=0.003  (15s)
  rate      T= 8  {'0.001': 0.948, '0.003': 0.9665, '0.01': 0.948}  -> lr=0.003  (28s)
  rate      T=32  {'0.001': 0.9554, '0.003': 0.9628, '0.01': 0.9628}  -> lr=0.003  (87s)
  latency   T= 2  {'0.001': 0.9628, '0.003': 0.9368, '0.01': 0.9071}  -> lr=0.001  (93s)
  latency   T= 8  {'0.001': 0.8996, '0.003': 0.948, '0.01': 0.9331}  -> lr=0.003  (107s)
  latency   T=32  {'0.001': 0.7658, '0.003': 0.8848, '0.01': 0.9331}  -> lr=0.01  (164s)
  constant  T= 2  {'0.001': 0.9703, '0.003': 0.9628, '0.01': 0.9628}  -> lr=0.001  (169s)
  constant  T= 8  {'0.001': 0.9628, '0.003': 0.9777, '0.01': 0.974}  -> lr=0.003  (183s)
  constant  T=32  {'0.001': 0.974, '0.003': 0.974, '0.01': 0.9703}  -> lr=0.001  (238s)
  mlp            {'0.001': 0.9591, '0.003': 0.9554, '0.01': 0.9591} -> lr=0.001

== stage 2: final runs (500 steps, seeds [0, 1, 2]) ==
  rate             T= 1 lr=0.003  acc=0.8281 +-0.0200  spikes/sample=174  (250s)
  rate             T= 2 lr=0.003  acc=0.9207 +-0.0100  spikes/sample=301  (261s)
  rate             T= 4 lr=0.003  acc=0.9393 +-0.0076  spikes/sample=610  (276s)
  rate             T= 8 lr=0.003  acc=0.9593 +-0.0038  spikes/sample=1289  (303s)
  rate             T=16 lr=0.003  acc=0.9681 +-0.0038  spikes/sample=2748  (353s)
  rate             T=32 lr=0.003  acc=0.9630 +-0.0084  spikes/sample=5828  (467s)
  latency          T= 1 lr=0.001  acc=0.8919 +-0.0038  spikes/sample=195  (476s)
  latency          T= 2 lr=0.001  acc=0.9452 +-0.0055  spikes/sample=357  (488s)
  latency          T= 4 lr=0.001  acc=0.9556 +-0.0109  spikes/sample=640  (506s)
  latency          T= 8 lr=0.003  acc=0.9585 +-0.0038  spikes/sample=1159  (536s)
  latency          T=16 lr=0.003  acc=0.9600 +-0.0018  spikes/sample=2261  (579s)
  latency          T=32 lr=0.01   acc=0.9622 +-0.0048  spikes/sample=3268  (649s)
  constant         T= 1 lr=0.001  acc=0.9644 +-0.0031  spikes/sample=158  (654s)
  constant         T= 2 lr=0.001  acc=0.9704 +-0.0028  spikes/sample=216  (661s)
  constant         T= 4 lr=0.001  acc=0.9644 +-0.0036  spikes/sample=634  (669s)
  constant         T= 8 lr=0.003  acc=0.9770 +-0.0021  spikes/sample=1201  (686s)
  constant         T=16 lr=0.003  acc=0.9763 +-0.0021  spikes/sample=2482  (717s)
  constant         T=32 lr=0.001  acc=0.9748 +-0.0028  spikes/sample=5916  (807s)
  latency_leaky    T= 1 lr=0.001  acc=0.8900 +-0.0033  spikes/sample=194  (814s)
  latency_leaky    T= 2 lr=0.001  acc=0.9444 +-0.0067  spikes/sample=326  (819s)
  latency_leaky    T= 4 lr=0.001  acc=0.9522 +-0.0011  spikes/sample=473  (828s)
  latency_leaky    T= 8 lr=0.003  acc=0.9611 +-0.0078  spikes/sample=535  (845s)
  latency_leaky    T=16 lr=0.003  acc=0.9589 +-0.0033  spikes/sample=859  (869s)
  latency_leaky    T=32 lr=0.01   acc=0.9322 +-0.0122  spikes/sample=1436  (920s)
  relu_mlp                 lr=0.001  acc=0.9607 +-0.0046
WARNING: exceeded the declared time box (927.27s > 900s)

wall clock 927.27s  (budget 900s)
first T matching ReLU MLP mean: {"constant": 1, "latency": 32, "latency_leaky": 8, "rate": 16}
