[   37.6s] none    N=  8 seed=0 acc=0.174 steps=2000 gate_params=0 (37.6s)
[   79.0s] none    N=  8 seed=1 acc=0.177 steps=2000 gate_params=0 (41.4s)
[  198.7s] static  N=  8 seed=0 acc=0.171 steps=2000 gate_params=128 (119.7s)
[  311.8s] static  N=  8 seed=1 acc=0.172 steps=2000 gate_params=128 (113.0s)
[  427.1s] scalar  N=  8 seed=0 acc=0.171 steps=2000 gate_params=260 (115.3s)
[  545.0s] scalar  N=  8 seed=1 acc=0.175 steps=2000 gate_params=260 (117.9s)
[  673.5s] rank1   N=  8 seed=0 acc=0.603 steps=2000 gate_params=384 (128.4s)
[  798.0s] rank1   N=  8 seed=1 acc=0.178 steps=2000 gate_params=384 (124.6s)
[  921.2s] rank4   N=  8 seed=0 acc=0.172 steps=2000 gate_params=1152 (123.1s)
[ 1046.0s] rank4   N=  8 seed=1 acc=0.179 steps=2000 gate_params=1152 (124.8s)
[ 1187.8s] dense   N=  8 seed=0 acc=0.767 steps=2000 gate_params=8320 (141.8s)
[ 1341.5s] dense   N=  8 seed=1 acc=0.885 steps=2000 gate_params=8320 (153.7s)
[ 1364.8s] none    N=  4 seed=0 acc=0.991 steps=1750 gate_params=0 (23.2s)
[ 1417.6s] static  N=  4 seed=0 acc=0.986 steps=2000 gate_params=128 (52.8s)
[ 1477.9s] scalar  N=  4 seed=0 acc=0.996 steps=2000 gate_params=260 (60.3s)
[ 1534.9s] rank1   N=  4 seed=0 acc=0.982 steps=2000 gate_params=384 (57.0s)
[ 1587.2s] rank4   N=  4 seed=0 acc=0.999 steps=2000 gate_params=1152 (52.3s)
[ 1625.9s] dense   N=  4 seed=0 acc=0.991 steps=1500 gate_params=8320 (38.7s)
[ 1694.6s] none    N= 16 seed=0 acc=0.120 steps=2000 gate_params=0 (68.7s)
Minimum selectivity solving N=8 at d=64 within 2000 steps: NONE (no arm solves it)
