[   26.0s] none       seed=0 acc=0.174 esc=None steps=2000 travel@freeze=None travel@end=None (26.0s)
[   51.5s] none       seed=1 acc=0.177 esc=None steps=2000 travel@freeze=None travel@end=None (25.5s)
[   77.3s] none       seed=2 acc=0.172 esc=None steps=2000 travel@freeze=None travel@end=None (25.8s)
[  150.7s] frozen0    seed=0 acc=0.168 esc=None steps=2000 travel@freeze=(0.0, 0.0) travel@end=(0.0, 0.0) (73.4s)
[  225.5s] frozen100  seed=0 acc=0.174 esc=None steps=2000 travel@freeze=(3.2007, 0.4265) travel@end=(3.2007, 0.4265) (74.8s)
[  299.4s] frozen100  seed=1 acc=0.177 esc=None steps=2000 travel@freeze=(3.4341, 0.3977) travel@end=(3.4341, 0.3977) (73.9s)
[  376.9s] frozen100  seed=2 acc=0.166 esc=None steps=2000 travel@freeze=(3.3839, 0.4073) travel@end=(3.3839, 0.4073) (77.5s)
[  455.8s] frozen250  seed=0 acc=0.177 esc=None steps=2000 travel@freeze=(9.2296, 1.375) travel@end=(9.2296, 1.375) (78.9s)
[  532.1s] frozen250  seed=1 acc=0.176 esc=None steps=2000 travel@freeze=(8.7027, 1.167) travel@end=(8.7027, 1.167) (76.3s)
[  608.9s] frozen250  seed=2 acc=0.167 esc=None steps=2000 travel@freeze=(9.866, 1.508) travel@end=(9.866, 1.508) (76.7s)
[  683.8s] frozen500  seed=0 acc=0.388 esc=None steps=2000 travel@freeze=(14.0043, 2.7609) travel@end=(14.0043, 2.7609) (74.9s)
[  765.2s] frozen500  seed=1 acc=0.575 esc=1750 steps=2000 travel@freeze=(14.9352, 2.6353) travel@end=(14.9352, 2.6353) (81.4s)
[  839.5s] frozen500  seed=2 acc=0.343 esc=None steps=2000 travel@freeze=(13.6039, 2.8607) travel@end=(13.6039, 2.8607) (74.3s)
[  914.1s] frozen750  seed=0 acc=0.532 esc=2000 steps=2000 travel@freeze=(17.4058, 3.5882) travel@end=(17.4058, 3.5882) (74.7s)
[  989.3s] frozen750  seed=1 acc=0.742 esc=1250 steps=2000 travel@freeze=(19.0226, 3.6612) travel@end=(19.0226, 3.6612) (75.2s)
[ 1066.8s] frozen750  seed=2 acc=0.671 esc=1500 steps=2000 travel@freeze=(16.9409, 3.9143) travel@end=(16.9409, 3.9143) (77.5s)
[ 1154.1s] dense      seed=0 acc=0.767 esc=1250 steps=2000 travel@freeze=None travel@end=(24.6431, 5.1226) (87.3s)
[ 1253.0s] dense      seed=1 acc=0.885 esc=1000 steps=2000 travel@freeze=None travel@end=(26.548, 5.536) (98.9s)
[ 1334.9s] dense      seed=2 acc=0.873 esc=1250 steps=2000 travel@freeze=None travel@end=(24.5752, 5.4665) (81.9s)
escapes/seeds at N=8: none 0/3, frozen100 0/3, frozen250 0/3, frozen500 1/3, frozen750 3/3, dense 3/3, frozen0 0/1
