[    2.6s] attn     d=  32 N=  2 seed=0 acc=0.995 steps=500 (2.6s, 27k params)
[    8.5s] attn     d=  32 N=  4 seed=0 acc=0.999 steps=1000 (6.0s, 27k params)
[   18.4s] attn     d=  32 N=  8 seed=0 acc=0.999 steps=1250 (9.8s, 27k params)
[   42.1s] attn     d=  32 N= 16 seed=0 acc=0.099 steps=2000 (23.7s, 27k params)
[   45.2s] attn     d=  64 N=  2 seed=0 acc=0.998 steps=500 (3.1s, 86k params)
[   47.1s] attn     d=  64 N=  4 seed=0 acc=0.995 steps=250 (1.9s, 86k params)
[   52.3s] attn     d=  64 N=  8 seed=0 acc=1.000 steps=500 (5.2s, 86k params)
[   66.1s] attn     d=  64 N= 16 seed=0 acc=1.000 steps=750 (13.8s, 86k params)
[   68.3s] attn     d= 128 N=  2 seed=0 acc=1.000 steps=250 (2.2s, 303k params)
[   71.6s] attn     d= 128 N=  4 seed=0 acc=0.999 steps=250 (3.3s, 303k params)
[   76.7s] attn     d= 128 N=  8 seed=0 acc=0.999 steps=250 (5.1s, 303k params)
[   96.5s] attn     d= 128 N= 16 seed=0 acc=1.000 steps=500 (19.8s, 303k params)
[  107.0s] linattn  d=  32 N=  2 seed=0 acc=0.992 steps=1750 (10.5s, 27k params)
[  122.6s] linattn  d=  32 N=  4 seed=0 acc=0.281 steps=2000 (15.6s, 27k params)
[  141.0s] linattn  d=  32 N=  8 seed=0 acc=0.166 steps=2000 (18.4s, 27k params)
[  169.4s] linattn  d=  32 N= 16 seed=0 acc=0.097 steps=2000 (28.4s, 27k params)
[  175.0s] linattn  d=  64 N=  2 seed=0 acc=0.992 steps=750 (5.6s, 86k params)
[  193.0s] linattn  d=  64 N=  4 seed=0 acc=0.992 steps=2000 (18.0s, 86k params)
[  218.9s] linattn  d=  64 N=  8 seed=0 acc=0.170 steps=2000 (25.9s, 86k params)
[  264.6s] linattn  d=  64 N= 16 seed=0 acc=0.116 steps=2000 (45.7s, 86k params)
[  269.8s] linattn  d= 128 N=  2 seed=0 acc=0.996 steps=500 (5.2s, 303k params)
[  284.9s] linattn  d= 128 N=  4 seed=0 acc=0.996 steps=1000 (15.1s, 303k params)
[  334.3s] linattn  d= 128 N=  8 seed=0 acc=0.176 steps=2000 (49.5s, 303k params)
[  428.3s] linattn  d= 128 N= 16 seed=0 acc=0.123 steps=2000 (94.0s, 303k params)
[  438.3s] gla      d=  32 N=  2 seed=0 acc=0.996 steps=1500 (10.0s, 27k params)
[  456.0s] gla      d=  32 N=  4 seed=0 acc=0.282 steps=2000 (17.6s, 27k params)
[  477.3s] gla      d=  32 N=  8 seed=0 acc=0.161 steps=2000 (21.3s, 27k params)
[  511.9s] gla      d=  32 N= 16 seed=0 acc=0.098 steps=2000 (34.6s, 27k params)
[  520.0s] gla      d=  64 N=  2 seed=0 acc=0.996 steps=1000 (8.1s, 86k params)
[  539.8s] gla      d=  64 N=  4 seed=0 acc=0.994 steps=2000 (19.8s, 86k params)
[  567.8s] gla      d=  64 N=  8 seed=0 acc=0.171 steps=2000 (28.0s, 86k params)
[  618.7s] gla      d=  64 N= 16 seed=0 acc=0.118 steps=2000 (50.8s, 86k params)
[  627.5s] gla      d= 128 N=  2 seed=0 acc=0.999 steps=750 (8.8s, 304k params)
[  644.2s] gla      d= 128 N=  4 seed=0 acc=0.992 steps=1000 (16.7s, 304k params)
[  698.9s] gla      d= 128 N=  8 seed=0 acc=0.186 steps=2000 (54.6s, 304k params)
[  798.8s] gla      d= 128 N= 16 seed=0 acc=0.118 steps=2000 (100.0s, 304k params)
Capacity frontier (max N with acc>=0.9): attn: 8/16/16  linattn: 2/4/4  gla: 2/4/4   (d=32/64/128)
