=== seed 0: full sweep over weight decay [0.03, 0.1, 0.3, 1.0, 3.0, 10.0, 30.0] ===
  [seed 0] wd=0.03  (budget left 720s)
    step     0  tr 0.0138  te 0.0190  |w| 23.84  (0s)
    step   400  tr 1.0000  te 0.4492  |w| 45.32  (13s)
    step   800  tr 1.0000  te 0.4675  |w| 47.47  (27s)
    step  1200  tr 1.0000  te 0.4727  |w| 48.69  (47s)
    step  1600  tr 1.0000  te 0.4675  |w| 50.52  (69s)
    step  2000  tr 1.0000  te 0.4744  |w| 49.92  (93s)
    step  2400  tr 1.0000  te 0.4744  |w| 49.43  (114s)
    step  2800  tr 1.0000  te 0.4641  |w| 50.75  (136s)
    -> steps_to_grok=None censored=True memo=200 final_test=0.4681 (148.5s, step_cap)
  [seed 0] wd=0.1  (budget left 570s)
    step     0  tr 0.0138  te 0.0190  |w| 23.84  (0s)
    step   400  tr 1.0000  te 0.4658  |w| 44.65  (15s)
    step   800  tr 1.0000  te 0.4785  |w| 46.48  (39s)
    step  1200  tr 1.0000  te 0.4808  |w| 47.45  (67s)
    step  1600  tr 1.0000  te 0.4819  |w| 48.52  (98s)
    step  2000  tr 1.0000  te 0.4813  |w| 46.70  (124s)
    step  2400  tr 1.0000  te 0.4836  |w| 46.13  (141s)
    step  2800  tr 1.0000  te 0.4802  |w| 47.33  (163s)
    -> steps_to_grok=None censored=True memo=200 final_test=0.4813 (173.1s, step_cap)
  [seed 0] wd=0.3  (budget left 397s)
    step     0  tr 0.0138  te 0.0190  |w| 23.84  (0s)
    step   400  tr 1.0000  te 0.4750  |w| 43.54  (13s)
    step   800  tr 1.0000  te 0.4785  |w| 44.79  (26s)
    step  1200  tr 1.0000  te 0.4808  |w| 45.21  (42s)
    step  1600  tr 1.0000  te 0.4796  |w| 45.39  (61s)
    step  2000  tr 1.0000  te 0.4831  |w| 41.36  (76s)
    step  2400  tr 1.0000  te 0.4934  |w| 42.19  (92s)
    step  2800  tr 1.0000  te 0.5014  |w| 43.33  (111s)
    -> steps_to_grok=None censored=True memo=200 final_test=0.5003 (119.5s, step_cap)
  [seed 0] wd=1  (budget left 277s)
    step     0  tr 0.0138  te 0.0190  |w| 23.84  (0s)
    step   400  tr 1.0000  te 0.4790  |w| 40.86  (12s)
    step   800  tr 1.0000  te 0.4957  |w| 41.19  (26s)
    step  1200  tr 1.0000  te 0.5853  |w| 39.84  (43s)
    step  1600  tr 1.0000  te 0.8392  |w| 35.96  (61s)
    GROK at step 1825 (test 0.9558)
    step  2000  tr 1.0000  te 0.9437  |w| 34.45  (76s)
    -> steps_to_grok=1825 censored=False memo=225 final_test=0.9707 (77.1s, grokked_and_confirmed)
  [seed 0] wd=3  (budget left 200s)
    step     0  tr 0.0138  te 0.0190  |w| 23.84  (0s)
    step   400  tr 1.0000  te 0.5508  |w| 34.36  (13s)
    GROK at step 750 (test 0.9592)
    step   800  tr 1.0000  te 0.9937  |w| 30.95  (27s)
    step  1200  tr 1.0000  te 1.0000  |w| 28.37  (48s)
    -> steps_to_grok=750 censored=False memo=250 final_test=1.0 (47.6s, grokked_and_confirmed)
  [seed 0] wd=10  (budget left 153s)
    step     0  tr 0.0138  te 0.0190  |w| 23.84  (0s)
    step   400  tr 0.7017  te 0.5416  |w| 19.98  (14s)
    step   800  tr 0.7339  te 0.5824  |w| 19.85  (32s)
    step  1200  tr 0.6552  te 0.4934  |w| 19.36  (46s)
    step  1600  tr 0.6443  te 0.4922  |w| 19.48  (61s)
    step  2000  tr 0.6517  te 0.4957  |w| 19.47  (74s)
    step  2400  tr 0.6103  te 0.4773  |w| 19.47  (88s)
    step  2800  tr 0.6109  te 0.4945  |w| 19.56  (102s)
    -> steps_to_grok=None censored=True memo=None final_test=0.498 (109.4s, step_cap)
  [seed 0] wd=30  (budget left 43s)
    step     0  tr 0.0138  te 0.0190  |w| 23.84  (0s)
    step   400  tr 0.0351  te 0.0207  |w| 7.66  (14s)
    step   800  tr 0.0351  te 0.0241  |w| 7.56  (28s)
    step  1200  tr 0.0276  te 0.0270  |w| 7.35  (41s)
    ABORT (cannot fit train) at step 1200, train acc 0.0276
    -> steps_to_grok=None censored=True memo=None final_test=0.027 (41.4s, aborted_cannot_fit_train)
=== seed 1: partial replication (only arms that fit the remaining budget) ===
  [seed 1] SKIP wd=1: est 113s > remaining 2s
  [seed 1] SKIP wd=3: est 72s > remaining 2s
  [seed 1] SKIP wd=0.3: est 172s > remaining 2s
  [seed 1] SKIP wd=10: est 158s > remaining 2s
  [seed 1] SKIP wd=0.1: est 247s > remaining 2s
  [seed 1] SKIP wd=30: est 63s > remaining 2s
  [seed 1] SKIP wd=0.03: est 213s > remaining 2s
=== training done: 718s over 7 arms ===
HEADLINE: grokked at wd 1 (1825 steps, delay 1600), 3 (750 steps, delay 500); censored (>3000 steps) at wd 0.03 (best test 0.475), 0.1 (best test 0.484), 0.3 (best test 0.501), 10 (best test 0.593), 30 (best test 0.033)
TOTAL 718.18s
