[  16.9s] gru          L= 32 k=4 seed=0 p= 59180 d= 106 steps= 600 tok=1.000 exact=1.000 (13.8s)
[  26.9s] mingru_mp    L= 32 k=4 seed=0 p= 59976 d= 350 steps= 600 tok=0.827 exact=0.389 (9.8s)
[  38.5s] minlstm_mp   L= 32 k=4 seed=0 p= 60086 d= 270 steps= 600 tok=0.832 exact=0.424 (11.3s)
[  43.3s] mingru_ms    L= 32 k=4 seed=0 p= 19960 d= 106 steps= 600 tok=0.792 exact=0.273 (4.8s)
[  57.0s] gru          L= 32 k=8 seed=0 p= 59568 d= 104 steps= 600 tok=0.884 exact=0.382 (13.6s)
[  66.4s] mingru_mp    L= 32 k=8 seed=0 p= 60088 d= 338 steps= 600 tok=0.519 exact=0.001 (9.3s)
[  78.0s] minlstm_mp   L= 32 k=8 seed=0 p= 60036 d= 260 steps= 600 tok=0.534 exact=0.000 (11.4s)
[  83.1s] mingru_ms    L= 32 k=8 seed=0 p= 21712 d= 104 steps= 600 tok=0.520 exact=0.000 (5.0s)
[ 107.9s] gru          L= 64 k=4 seed=0 p= 59180 d= 106 steps= 600 tok=1.000 exact=1.000 (24.6s)
[ 131.2s] mingru_mp    L= 64 k=4 seed=0 p= 59976 d= 350 steps= 600 tok=0.816 exact=0.356 (22.9s)
[ 155.8s] minlstm_mp   L= 64 k=4 seed=0 p= 60086 d= 270 steps= 600 tok=0.828 exact=0.406 (24.0s)
[ 165.6s] mingru_ms    L= 64 k=4 seed=0 p= 19960 d= 106 steps= 600 tok=0.770 exact=0.233 (9.7s)
[ 188.1s] gru          L= 64 k=8 seed=0 p= 59568 d= 104 steps= 600 tok=0.882 exact=0.357 (22.3s)
[ 210.7s] mingru_mp    L= 64 k=8 seed=0 p= 60088 d= 338 steps= 600 tok=0.510 exact=0.000 (22.2s)
[ 234.9s] minlstm_mp   L= 64 k=8 seed=0 p= 60036 d= 260 steps= 600 tok=0.518 exact=0.000 (23.9s)
[ 245.2s] mingru_ms    L= 64 k=8 seed=0 p= 21712 d= 104 steps= 600 tok=0.501 exact=0.000 (10.1s)
[ 274.0s] mingru_long  L= 32 k=4 seed=0 p= 59976 d= 350 steps=1800 tok=0.990 exact=0.964 (28.7s)
[ 343.3s] mingru_long  L= 64 k=8 seed=0 p= 60088 d= 338 steps=1800 tok=0.673 exact=0.003 (68.9s)
[ 365.7s] gru_2l       L= 32 k=4 seed=0 p= 59424 d=  68 steps= 600 tok=1.000 exact=1.000 (22.3s)
[ 380.3s] mingru_2l    L= 32 k=4 seed=0 p= 59600 d= 132 steps= 600 tok=0.950 exact=0.821 (14.4s)
[ 427.7s] gru_2l       L= 64 k=8 seed=0 p= 58644 d=  66 steps= 600 tok=0.844 exact=0.222 (47.1s)
[ 459.6s] mingru_2l    L= 64 k=8 seed=0 p= 60296 d= 130 steps= 600 tok=0.575 exact=0.000 (31.6s)
[ 475.7s] gru          L= 32 k=4 seed=1 p= 59180 d= 106 steps= 600 tok=1.000 exact=1.000 (15.9s)
[ 484.6s] mingru_mp    L= 32 k=4 seed=1 p= 59976 d= 350 steps= 600 tok=0.831 exact=0.406 (8.8s)
[ 497.5s] gru          L= 32 k=8 seed=1 p= 59568 d= 104 steps= 600 tok=0.855 exact=0.285 (12.8s)
[ 512.2s] mingru_mp    L= 32 k=8 seed=1 p= 60088 d= 338 steps= 600 tok=0.521 exact=0.001 (14.4s)
[ 538.4s] gru          L= 64 k=4 seed=1 p= 59180 d= 106 steps= 600 tok=1.000 exact=1.000 (26.0s)
[ 561.5s] mingru_mp    L= 64 k=4 seed=1 p= 59976 d= 350 steps= 600 tok=0.814 exact=0.365 (22.7s)
[ 584.9s] gru          L= 64 k=8 seed=1 p= 59568 d= 104 steps= 600 tok=0.838 exact=0.237 (23.2s)
[ 606.0s] mingru_mp    L= 64 k=8 seed=1 p= 60088 d= 338 steps= 600 tok=0.503 exact=0.000 (20.7s)
{
  "headline": {
    "L32_k4": {
      "gru_exact": 1.0,
      "mingru_exact": 0.3887,
      "gap": 0.6113
    },
    "L32_k8": {
      "gru_exact": 0.3818,
      "mingru_exact": 0.001,
      "gap": 0.3808
    },
    "L64_k4": {
      "gru_exact": 1.0,
      "mingru_exact": 0.3564,
      "gap": 0.6436
    },
    "L64_k8": {
      "gru_exact": 0.3574,
      "mingru_exact": 0.0,
      "gap": 0.3574
    }
  },
  "probes": {
    "L32_k4": {
      "mingru_1x_steps": {
        "steps": 600,
        "exact": 0.3887,
        "token": 0.8274
      },
      "mingru_3x_steps": {
        "steps": 1800,
        "exact": 0.9639,
        "token": 0.9897
      },
      "gru_2l": {
        "exact": 1.0,
        "token": 1.0,
        "n_params": 59424,
        "d_h": 68
      },
      "mingru_2l": {
        "exact": 0.8213,
        "token": 0.9497,
        "n_params": 59600,
        "d_h": 132
      },
      "gru_1l": {
        "exact": 1.0,
        "token": 1.0
      },
      "mingru_mp_1l": {
        "exact": 0.3887,
        "token": 0.8274
      }
    },
    "L64_k8": {
      "mingru_1x_steps": {
        "steps": 600,
        "exact": 0.0,
        "token": 0.5104
      },
      "mingru_3x_steps": {
        "steps": 1800,
        "exact": 0.0029,
        "token": 0.6726
      },
      "gru_2l": {
        "exact": 0.2217,
        "token": 0.8439,
        "n_params": 58644,
        "d_h": 66
      },
      "mingru_2l": {
        "exact": 0.0,
        "token": 0.5754,
        "n_params": 60296,
        "d_h": 130
      },
      "gru_1l": {
        "exact": 0.3574,
        "token": 0.8822
      },
      "mingru_mp_1l": {
        "exact": 0.0,
        "token": 0.5104
      }
    }
  },
  "wall_clock_s": 606.0,
  "skipped": []
}
