== main ladder (T=12) ==
  ctm_sync   L=16 T=12 s0 p=50720 steps=900  50.3s  full=0.496 (best-tick 0.517) allpos=0.783
  ctm_sync   L=16 T=12 s1 p=50720 steps=900  51.0s  full=0.480 (best-tick 0.498) allpos=0.773
  ctm_lastz  L=16 T=12 s0 p=50624 steps=900  43.2s  full=0.503 (best-tick 0.505) allpos=0.749
  ctm_lastz  L=16 T=12 s1 p=50624 steps=900  40.1s  full=0.496 (best-tick 0.502) allpos=0.750
  gru_lastz  L=16 T=12 s0 p=50492 steps=900  16.8s  full=0.484 (best-tick 0.505) allpos=0.736
  gru_lastz  L=16 T=12 s1 p=50492 steps=900  17.2s  full=0.495 (best-tick 0.515) allpos=0.752
  gru_sync   L=16 T=12 s0 p=50608 steps=900  30.2s  full=0.507 (best-tick 0.513) allpos=0.783
  gru_sync   L=16 T=12 s1 p=50608 steps=900  28.4s  full=0.482 (best-tick 0.504) allpos=0.782
  ctm_sync   L=32 T=12 s0 p=56896 steps=900  51.7s  full=0.516 (best-tick 0.520) allpos=0.626
  ctm_sync   L=32 T=12 s1 p=56896 steps=900  51.5s  full=0.482 (best-tick 0.492) allpos=0.609
  ctm_lastz  L=32 T=12 s0 p=56800 steps=900  44.5s  full=0.525 (best-tick 0.531) allpos=0.626
  ctm_lastz  L=32 T=12 s1 p=56800 steps=900  43.3s  full=0.494 (best-tick 0.506) allpos=0.617
  gru_lastz  L=32 T=12 s0 p=56400 steps=900  18.8s  full=0.528 (best-tick 0.552) allpos=0.629
  gru_lastz  L=32 T=12 s1 p=56400 steps=900  18.4s  full=0.499 (best-tick 0.502) allpos=0.629
  gru_sync   L=32 T=12 s0 p=56512 steps=900  29.5s  full=0.518 (best-tick 0.536) allpos=0.635
  gru_sync   L=32 T=12 s1 p=56512 steps=900  29.2s  full=0.519 (best-tick 0.519) allpos=0.638
== depth control (T=2) ==
  ctm_sync   L=16 T= 2 s0 p=50720 steps=900  10.4s  full=0.512 (best-tick 0.512) allpos=0.784
  ctm_lastz  L=16 T= 2 s0 p=50624 steps=900  13.1s  full=0.480 (best-tick 0.485) allpos=0.771
== mechanism control: instantaneous pairwise products, no cross-tick accumulation (T=12) ==
